This is XeTeX, Version 3.141592653-2.6-0.999998 (TeX Live 2026) (preloaded format=xelatex)
 restricted \write18 enabled.
entering extended mode
(./docs/paper/question1_protection_definition.tex
LaTeX2e <2026-06-01>
L3 programming layer <2026-09-09>
(d:/texlive/2026/texmf-dist/tex/latex/ctex/ctexart.cls
(d:/texlive/2026/texmf-dist/tex/latex/ctex/config/ctexbackend.cfg)
(d:/texlive/2026/texmf-dist/tex/latex/l3kernel/expl3.sty
(d:/texlive/2026/texmf-dist/tex/latex/l3kernel/l3backend-xetex.def))
Document Class: ctexart 2026/08/11 v2.6.5 Chinese adapter for class article (CT
EX)
(d:/texlive/2026/texmf-dist/tex/latex/ctex/ctexhook.sty)
(d:/texlive/2026/texmf-dist/tex/latex/ctex/ctexpatch.sty)
(d:/texlive/2026/texmf-dist/tex/latex/base/fix-cm.sty
(d:/texlive/2026/texmf-dist/tex/latex/base/ts1enc.def))
(d:/texlive/2026/texmf-dist/tex/latex/ctex/config/ctexopts.cfg)
(d:/texlive/2026/texmf-dist/tex/latex/base/article.cls
Document Class: article 2025/01/22 v1.4n Standard LaTeX document class
(d:/texlive/2026/texmf-dist/tex/latex/base/size12.clo))
(d:/texlive/2026/texmf-dist/tex/latex/ctex/engine/ctex-engine-xetex.def
(d:/texlive/2026/texmf-dist/tex/xelatex/xecjk/xeCJK.sty
(d:/texlive/2026/texmf-dist/tex/latex/l3packages/xtemplate/xtemplate.sty)
(d:/texlive/2026/texmf-dist/tex/latex/fontspec/fontspec.sty
(d:/texlive/2026/texmf-dist/tex/latex/fontspec/fontspec-xetex.sty
(d:/texlive/2026/texmf-dist/tex/latex/base/fontenc.sty)
(d:/texlive/2026/texmf-dist/tex/latex/fontspec/fontspec.cfg)))
(d:/texlive/2026/texmf-dist/tex/xelatex/xecjk/xeCJK.cfg)))
(d:/texlive/2026/texmf-dist/tex/latex/zhnumber/zhnumber.sty
(d:/texlive/2026/texmf-dist/tex/latex/zhnumber/zhnumber-utf8.cfg))
(d:/texlive/2026/texmf-dist/tex/latex/ctex/scheme/ctex-scheme-chinese-article.d
ef (d:/texlive/2026/texmf-dist/tex/latex/ctex/config/ctex-name-utf8.cfg))
(d:/texlive/2026/texmf-dist/tex/latex/ctex/fontset/ctex-fontset-fandol.def))
(d:/texlive/2026/texmf-dist/tex/latex/ctex/config/ctex.cfg)
(d:/texlive/2026/texmf-dist/tex/latex/geometry/geometry.sty
(d:/texlive/2026/texmf-dist/tex/latex/graphics/keyval.sty)
(d:/texlive/2026/texmf-dist/tex/generic/iftex/ifvtex.sty
(d:/texlive/2026/texmf-dist/tex/generic/iftex/iftex.sty)))
(d:/texlive/2026/texmf-dist/tex/latex/amsmath/amsmath.sty
For additional information on amsmath, use the `?' option.
(d:/texlive/2026/texmf-dist/tex/latex/amsmath/amstext.sty
(d:/texlive/2026/texmf-dist/tex/latex/amsmath/amsgen.sty))
(d:/texlive/2026/texmf-dist/tex/latex/amsmath/amsbsy.sty)
(d:/texlive/2026/texmf-dist/tex/latex/amsmath/amsopn.sty))
(d:/texlive/2026/texmf-dist/tex/latex/amsfonts/amssymb.sty
(d:/texlive/2026/texmf-dist/tex/latex/amsfonts/amsfonts.sty))
(d:/texlive/2026/texmf-dist/tex/latex/booktabs/booktabs.sty)
(d:/texlive/2026/texmf-dist/tex/latex/tools/tabularx.sty
(d:/texlive/2026/texmf-dist/tex/latex/tools/array.sty))
(d:/texlive/2026/texmf-dist/tex/latex/hyperref/hyperref.sty
(d:/texlive/2026/texmf-dist/tex/latex/kvsetkeys/kvsetkeys.sty)
(d:/texlive/2026/texmf-dist/tex/generic/kvdefinekeys/kvdefinekeys.sty)
(d:/texlive/2026/texmf-dist/tex/generic/pdfescape/pdfescape.sty
(d:/texlive/2026/texmf-dist/tex/generic/ltxcmds/ltxcmds.sty)
(d:/texlive/2026/texmf-dist/tex/generic/pdftexcmds/pdftexcmds.sty
(d:/texlive/2026/texmf-dist/tex/generic/infwarerr/infwarerr.sty)))
(d:/texlive/2026/texmf-dist/tex/latex/hycolor/hycolor.sty)
(d:/texlive/2026/texmf-dist/tex/latex/hyperref/nameref.sty
(d:/texlive/2026/texmf-dist/tex/latex/refcount/refcount.sty)
(d:/texlive/2026/texmf-dist/tex/generic/gettitlestring/gettitlestring.sty
(d:/texlive/2026/texmf-dist/tex/latex/kvoptions/kvoptions.sty)))
(d:/texlive/2026/texmf-dist/tex/latex/etoolbox/etoolbox.sty)
(d:/texlive/2026/texmf-dist/tex/generic/stringenc/stringenc.sty)
(d:/texlive/2026/texmf-dist/tex/latex/hyperref/pd1enc.def)
(d:/texlive/2026/texmf-dist/tex/generic/intcalc/intcalc.sty)
(d:/texlive/2026/texmf-dist/tex/latex/hyperref/puenc.def)
(d:/texlive/2026/texmf-dist/tex/latex/url/url.sty)
(d:/texlive/2026/texmf-dist/tex/generic/bitset/bitset.sty
(d:/texlive/2026/texmf-dist/tex/generic/bigintcalc/bigintcalc.sty)))
(d:/texlive/2026/texmf-dist/tex/latex/hyperref/hxetex.def
(d:/texlive/2026/texmf-dist/tex/latex/rerunfilecheck/rerunfilecheck.sty
(d:/texlive/2026/texmf-dist/tex/generic/uniquecounter/uniquecounter.sty)))
No file question1_protection_definition.aux.
*geometry* driver: auto-detecting
*geometry* detected driver: xetex

Package hyperref Warning: Rerun to get /PageLabels entry.

(d:/texlive/2026/texmf-dist/tex/latex/amsfonts/umsa.fd)
(d:/texlive/2026/texmf-dist/tex/latex/amsfonts/umsb.fd) [1]
(output/pdf/revision_20261006/question1_protection_definition.aux)

LaTeX Warning: Label(s) may have changed. Rerun to get cross-references right.


Package rerunfilecheck Warning: File `question1_protection_definition.out' has 
changed.
(rerunfilecheck)                Rerun to get outlines right
(rerunfilecheck)                or use package `bookmark'.

 )
Output written on output/pdf/revision_20261006/question1_protection_definition.
pdf (1 page).
Transcript written on output/pdf/revision_20261006/question1_protection_definit
ion.log.
This is XeTeX, Version 3.141592653-2.6-0.999998 (TeX Live 2026) (preloaded format=xelatex)
 restricted \write18 enabled.
entering extended mode
(./docs/paper/question1_protection_definition.tex
LaTeX2e <2026-06-01>
L3 programming layer <2026-09-09>
(d:/texlive/2026/texmf-dist/tex/latex/ctex/ctexart.cls
(d:/texlive/2026/texmf-dist/tex/latex/ctex/config/ctexbackend.cfg)
(d:/texlive/2026/texmf-dist/tex/latex/l3kernel/expl3.sty
(d:/texlive/2026/texmf-dist/tex/latex/l3kernel/l3backend-xetex.def))
Document Class: ctexart 2026/08/11 v2.6.5 Chinese adapter for class article (CT
EX)
(d:/texlive/2026/texmf-dist/tex/latex/ctex/ctexhook.sty)
(d:/texlive/2026/texmf-dist/tex/latex/ctex/ctexpatch.sty)
(d:/texlive/2026/texmf-dist/tex/latex/base/fix-cm.sty
(d:/texlive/2026/texmf-dist/tex/latex/base/ts1enc.def))
(d:/texlive/2026/texmf-dist/tex/latex/ctex/config/ctexopts.cfg)
(d:/texlive/2026/texmf-dist/tex/latex/base/article.cls
Document Class: article 2025/01/22 v1.4n Standard LaTeX document class
(d:/texlive/2026/texmf-dist/tex/latex/base/size12.clo))
(d:/texlive/2026/texmf-dist/tex/latex/ctex/engine/ctex-engine-xetex.def
(d:/texlive/2026/texmf-dist/tex/xelatex/xecjk/xeCJK.sty
(d:/texlive/2026/texmf-dist/tex/latex/l3packages/xtemplate/xtemplate.sty)
(d:/texlive/2026/texmf-dist/tex/latex/fontspec/fontspec.sty
(d:/texlive/2026/texmf-dist/tex/latex/fontspec/fontspec-xetex.sty
(d:/texlive/2026/texmf-dist/tex/latex/base/fontenc.sty)
(d:/texlive/2026/texmf-dist/tex/latex/fontspec/fontspec.cfg)))
(d:/texlive/2026/texmf-dist/tex/xelatex/xecjk/xeCJK.cfg)))
(d:/texlive/2026/texmf-dist/tex/latex/zhnumber/zhnumber.sty
(d:/texlive/2026/texmf-dist/tex/latex/zhnumber/zhnumber-utf8.cfg))
(d:/texlive/2026/texmf-dist/tex/latex/ctex/scheme/ctex-scheme-chinese-article.d
ef (d:/texlive/2026/texmf-dist/tex/latex/ctex/config/ctex-name-utf8.cfg))
(d:/texlive/2026/texmf-dist/tex/latex/ctex/fontset/ctex-fontset-fandol.def))
(d:/texlive/2026/texmf-dist/tex/latex/ctex/config/ctex.cfg)
(d:/texlive/2026/texmf-dist/tex/latex/geometry/geometry.sty
(d:/texlive/2026/texmf-dist/tex/latex/graphics/keyval.sty)
(d:/texlive/2026/texmf-dist/tex/generic/iftex/ifvtex.sty
(d:/texlive/2026/texmf-dist/tex/generic/iftex/iftex.sty)))
(d:/texlive/2026/texmf-dist/tex/latex/amsmath/amsmath.sty
For additional information on amsmath, use the `?' option.
(d:/texlive/2026/texmf-dist/tex/latex/amsmath/amstext.sty
(d:/texlive/2026/texmf-dist/tex/latex/amsmath/amsgen.sty))
(d:/texlive/2026/texmf-dist/tex/latex/amsmath/amsbsy.sty)
(d:/texlive/2026/texmf-dist/tex/latex/amsmath/amsopn.sty))
(d:/texlive/2026/texmf-dist/tex/latex/amsfonts/amssymb.sty
(d:/texlive/2026/texmf-dist/tex/latex/amsfonts/amsfonts.sty))
(d:/texlive/2026/texmf-dist/tex/latex/booktabs/booktabs.sty)
(d:/texlive/2026/texmf-dist/tex/latex/tools/tabularx.sty
(d:/texlive/2026/texmf-dist/tex/latex/tools/array.sty))
(d:/texlive/2026/texmf-dist/tex/latex/hyperref/hyperref.sty
(d:/texlive/2026/texmf-dist/tex/latex/kvsetkeys/kvsetkeys.sty)
(d:/texlive/2026/texmf-dist/tex/generic/kvdefinekeys/kvdefinekeys.sty)
(d:/texlive/2026/texmf-dist/tex/generic/pdfescape/pdfescape.sty
(d:/texlive/2026/texmf-dist/tex/generic/ltxcmds/ltxcmds.sty)
(d:/texlive/2026/texmf-dist/tex/generic/pdftexcmds/pdftexcmds.sty
(d:/texlive/2026/texmf-dist/tex/generic/infwarerr/infwarerr.sty)))
(d:/texlive/2026/texmf-dist/tex/latex/hycolor/hycolor.sty)
(d:/texlive/2026/texmf-dist/tex/latex/hyperref/nameref.sty
(d:/texlive/2026/texmf-dist/tex/latex/refcount/refcount.sty)
(d:/texlive/2026/texmf-dist/tex/generic/gettitlestring/gettitlestring.sty
(d:/texlive/2026/texmf-dist/tex/latex/kvoptions/kvoptions.sty)))
(d:/texlive/2026/texmf-dist/tex/latex/etoolbox/etoolbox.sty)
(d:/texlive/2026/texmf-dist/tex/generic/stringenc/stringenc.sty)
(d:/texlive/2026/texmf-dist/tex/latex/hyperref/pd1enc.def)
(d:/texlive/2026/texmf-dist/tex/generic/intcalc/intcalc.sty)
(d:/texlive/2026/texmf-dist/tex/latex/hyperref/puenc.def)
(d:/texlive/2026/texmf-dist/tex/latex/url/url.sty)
(d:/texlive/2026/texmf-dist/tex/generic/bitset/bitset.sty
(d:/texlive/2026/texmf-dist/tex/generic/bigintcalc/bigintcalc.sty)))
(d:/texlive/2026/texmf-dist/tex/latex/hyperref/hxetex.def
(d:/texlive/2026/texmf-dist/tex/latex/rerunfilecheck/rerunfilecheck.sty
(d:/texlive/2026/texmf-dist/tex/generic/uniquecounter/uniquecounter.sty)))
(output/pdf/revision_20261006/question1_protection_definition.aux)
*geometry* driver: auto-detecting
*geometry* detected driver: xetex
(output/pdf/revision_20261006/question1_protection_definition.out)
(output/pdf/revision_20261006/question1_protection_definition.out)
(d:/texlive/2026/texmf-dist/tex/latex/amsfonts/umsa.fd)
(d:/texlive/2026/texmf-dist/tex/latex/amsfonts/umsb.fd) [1]
(output/pdf/revision_20261006/question1_protection_definition.aux) )
Output written on output/pdf/revision_20261006/question1_protection_definition.
pdf (1 page).
Transcript written on output/pdf/revision_20261006/question1_protection_definit
ion.log.
