{
  "annual_fixed_staff": 57,
  "monthly": [
    {
      "month": 1,
      "season": "wet_regular",
      "water_visits_month": 2,
      "water_hours": 211.16926601040495,
      "extra_fire_rate": 0,
      "extra_fire_checks": 0.0,
      "unreachable_extra_fire_checks": 0.0,
      "response_hours": 2880.0,
      "base_monitoring_person_hours": 2406.114336435482,
      "extra_fire_person_hours": 0.0,
      "required_person_hours": 5497.283602445888,
      "required_staff": 46,
      "flight_hours": 144.34338322044937,
      "fixed_reference_staff": 177,
      "fixed_reference_score": 57.260161284231835,
      "target_score": 57.260161284231835,
      "staff_gap_to_reference": 0
    },
    {
      "month": 2,
      "season": "wet_regular",
      "water_visits_month": 2,
      "water_hours": 211.16926601040495,
      "extra_fire_rate": 0,
      "extra_fire_checks": 0.0,
      "unreachable_extra_fire_checks": 0.0,
      "response_hours": 2880.0,
      "base_monitoring_person_hours": 2406.114336435482,
      "extra_fire_person_hours": 0.0,
      "required_person_hours": 5497.283602445888,
      "required_staff": 46,
      "flight_hours": 144.34338322044937,
      "fixed_reference_staff": 177,
      "fixed_reference_score": 57.260161284231835,
      "target_score": 57.260161284231835,
      "staff_gap_to_reference": 0
    },
    {
      "month": 3,
      "season": "wet_regular",
      "water_visits_month": 2,
      "water_hours": 211.16926601040495,
      "extra_fire_rate": 0,
      "extra_fire_checks": 0.0,
      "unreachable_extra_fire_checks": 0.0,
      "response_hours": 2880.0,
      "base_monitoring_person_hours": 2406.114336435482,
      "extra_fire_person_hours": 0.0,
      "required_person_hours": 5497.283602445888,
      "required_staff": 46,
      "flight_hours": 144.34338322044937,
      "fixed_reference_staff": 177,
      "fixed_reference_score": 57.260161284231835,
      "target_score": 57.260161284231835,
      "staff_gap_to_reference": 0
    },
    {
      "month": 4,
      "season": "wet_regular",
      "water_visits_month": 2,
      "water_hours": 211.16926601040495,
      "extra_fire_rate": 0,
      "extra_fire_checks": 0.0,
      "unreachable_extra_fire_checks": 0.0,
      "response_hours": 2880.0,
      "base_monitoring_person_hours": 2406.114336435482,
      "extra_fire_person_hours": 0.0,
      "required_person_hours": 5497.283602445888,
      "required_staff": 46,
      "flight_hours": 144.34338322044937,
      "fixed_reference_staff": 177,
      "fixed_reference_score": 57.260161284231835,
      "target_score": 57.260161284231835,
      "staff_gap_to_reference": 0
    },
    {
      "month": 5,
      "season": "early_fire_dry",
      "water_visits_month": 4,
      "water_hours": 422.3385320208099,
      "extra_fire_rate": 2,
      "extra_fire_checks": 137.88150156067056,
      "unreachable_extra_fire_checks": 214.22291112523422,
      "response_hours": 2880.0,
      "base_monitoring_person_hours": 2406.114336435482,
      "extra_fire_person_hours": 561.6894763769182,
      "required_person_hours": 6270.142344833211,
      "required_staff": 53,
      "flight_hours": 177.47590997961652,
      "fixed_reference_staff": 177,
      "fixed_reference_score": 57.260161284231835,
      "target_score": 57.260161284231835,
      "staff_gap_to_reference": 0
    },
    {
      "month": 6,
      "season": "early_fire_dry",
      "water_visits_month": 4,
      "water_hours": 422.3385320208099,
      "extra_fire_rate": 2,
      "extra_fire_checks": 137.88150156067056,
      "unreachable_extra_fire_checks": 214.22291112523422,
      "response_hours": 2880.0,
      "base_monitoring_person_hours": 2406.114336435482,
      "extra_fire_person_hours": 561.6894763769182,
      "required_person_hours": 6270.142344833211,
      "required_staff": 53,
      "flight_hours": 177.47590997961652,
      "fixed_reference_staff": 177,
      "fixed_reference_score": 57.260161284231835,
      "target_score": 57.260161284231835,
      "staff_gap_to_reference": 0
    },
    {
      "month": 7,
      "season": "early_fire_dry",
      "water_visits_month": 4,
      "water_hours": 422.3385320208099,
      "extra_fire_rate": 2,
      "extra_fire_checks": 137.88150156067056,
      "unreachable_extra_fire_checks": 214.22291112523422,
      "response_hours": 2880.0,
      "base_monitoring_person_hours": 2406.114336435482,
      "extra_fire_person_hours": 561.6894763769182,
      "required_person_hours": 6270.142344833211,
      "required_staff": 53,
      "flight_hours": 177.47590997961652,
      "fixed_reference_staff": 177,
      "fixed_reference_score": 57.260161284231835,
      "target_score": 57.260161284231835,
      "staff_gap_to_reference": 0
    },
    {
      "month": 8,
      "season": "late_fire_dry",
      "water_visits_month": 4,
      "water_hours": 422.3385320208099,
      "extra_fire_rate": 4,
      "extra_fire_checks": 275.7630031213411,
      "unreachable_extra_fire_checks": 428.44582225046844,
      "response_hours": 2880.0,
      "base_monitoring_person_hours": 2406.114336435482,
      "extra_fire_person_hours": 1123.3789527538363,
      "required_person_hours": 6831.8318212101285,
      "required_staff": 57,
      "flight_hours": 210.6084367387837,
      "fixed_reference_staff": 177,
      "fixed_reference_score": 57.260161284231835,
      "target_score": 57.260161284231835,
      "staff_gap_to_reference": 0
    },
    {
      "month": 9,
      "season": "late_fire_dry",
      "water_visits_month": 4,
      "water_hours": 422.3385320208099,
      "extra_fire_rate": 4,
      "extra_fire_checks": 275.7630031213411,
      "unreachable_extra_fire_checks": 428.44582225046844,
      "response_hours": 2880.0,
      "base_monitoring_person_hours": 2406.114336435482,
      "extra_fire_person_hours": 1123.3789527538363,
      "required_person_hours": 6831.8318212101285,
      "required_staff": 57,
      "flight_hours": 210.6084367387837,
      "fixed_reference_staff": 177,
      "fixed_reference_score": 57.260161284231835,
      "target_score": 57.260161284231835,
      "staff_gap_to_reference": 0
    },
    {
      "month": 10,
      "season": "late_fire_dry",
      "water_visits_month": 4,
      "water_hours": 422.3385320208099,
      "extra_fire_rate": 4,
      "extra_fire_checks": 275.7630031213411,
      "unreachable_extra_fire_checks": 428.44582225046844,
      "response_hours": 2880.0,
      "base_monitoring_person_hours": 2406.114336435482,
      "extra_fire_person_hours": 1123.3789527538363,
      "required_person_hours": 6831.8318212101285,
      "required_staff": 57,
      "flight_hours": 210.6084367387837,
      "fixed_reference_staff": 177,
      "fixed_reference_score": 57.260161284231835,
      "target_score": 57.260161284231835,
      "staff_gap_to_reference": 0
    },
    {
      "month": 11,
      "season": "late_fire_wet",
      "water_visits_month": 2,
      "water_hours": 211.16926601040495,
      "extra_fire_rate": 4,
      "extra_fire_checks": 275.7630031213411,
      "unreachable_extra_fire_checks": 428.44582225046844,
      "response_hours": 2880.0,
      "base_monitoring_person_hours": 2406.114336435482,
      "extra_fire_person_hours": 1123.3789527538363,
      "required_person_hours": 6620.662555199724,
      "required_staff": 56,
      "flight_hours": 210.6084367387837,
      "fixed_reference_staff": 177,
      "fixed_reference_score": 57.260161284231835,
      "target_score": 57.260161284231835,
      "staff_gap_to_reference": 0
    },
    {
      "month": 12,
      "season": "wet_regular",
      "water_visits_month": 2,
      "water_hours": 211.16926601040495,
      "extra_fire_rate": 0,
      "extra_fire_checks": 0.0,
      "unreachable_extra_fire_checks": 0.0,
      "response_hours": 2880.0,
      "base_monitoring_person_hours": 2406.114336435482,
      "extra_fire_person_hours": 0.0,
      "required_person_hours": 5497.283602445888,
      "required_staff": 46,
      "flight_hours": 144.34338322044937,
      "fixed_reference_staff": 177,
      "fixed_reference_score": 57.260161284231835,
      "target_score": 57.260161284231835,
      "staff_gap_to_reference": 0
    }
  ],
  "sensitivity": [
    {
      "scenario": "low",
      "abnormal_drought": false,
      "peak_month_example": 8,
      "peak_person_hours": 6041.973078822806,
      "annual_fixed_staff": 51,
      "peak_water_hours": 194.16926601040495,
      "peak_flight_hours": 177.47590997961652,
      "interpretation": "assumed service standards, not confidence bounds or observed drought"
    },
    {
      "scenario": "low",
      "abnormal_drought": true,
      "peak_month_example": 8,
      "peak_person_hours": 6270.142344833211,
      "annual_fixed_staff": 53,
      "peak_water_hours": 422.3385320208099,
      "peak_flight_hours": 177.47590997961652,
      "interpretation": "assumed service standards, not confidence bounds or observed drought"
    },
    {
      "scenario": "base",
      "abnormal_drought": false,
      "peak_month_example": 8,
      "peak_person_hours": 6831.8318212101285,
      "annual_fixed_staff": 57,
      "peak_water_hours": 422.3385320208099,
      "peak_flight_hours": 210.6084367387837,
      "interpretation": "assumed service standards, not confidence bounds or observed drought"
    },
    {
      "scenario": "base",
      "abnormal_drought": true,
      "peak_month_example": 8,
      "peak_person_hours": 7390.170353230938,
      "annual_fixed_staff": 62,
      "peak_water_hours": 980.6770640416197,
      "peak_flight_hours": 210.6084367387837,
      "interpretation": "assumed service standards, not confidence bounds or observed drought"
    },
    {
      "scenario": "high",
      "abnormal_drought": false,
      "peak_month_example": 8,
      "peak_person_hours": 8513.549305984774,
      "annual_fixed_staff": 71,
      "peak_water_hours": 980.6770640416197,
      "peak_flight_hours": 276.873490257118,
      "interpretation": "assumed service standards, not confidence bounds or observed drought"
    },
    {
      "scenario": "high",
      "abnormal_drought": true,
      "peak_month_example": 8,
      "peak_person_hours": 9207.887838005583,
      "annual_fixed_staff": 77,
      "peak_water_hours": 1675.0155960624297,
      "peak_flight_hours": 276.873490257118,
      "interpretation": "assumed service standards, not confidence bounds or observed drought"
    }
  ],
  "verification_passed": true,
  "longest_water_visit_hours": 6.388684814160076,
  "inventory_sensitivity": [
    {
      "assumed_identical_inventory_multiplier": 1,
      "equivalent_BH_count": 17,
      "required_staff": 57,
      "required_person_hours": 6831.8318212101285,
      "water_hours": 422.3385320208099,
      "interpretation": "workload replication only, NOT actual park borehole counts or geographically valid expansion"
    },
    {
      "assumed_identical_inventory_multiplier": 2,
      "equivalent_BH_count": 34,
      "required_staff": 61,
      "required_person_hours": 7254.170353230938,
      "water_hours": 844.6770640416198,
      "interpretation": "workload replication only, NOT actual park borehole counts or geographically valid expansion"
    },
    {
      "assumed_identical_inventory_multiplier": 3,
      "equivalent_BH_count": 51,
      "required_staff": 64,
      "required_person_hours": 7676.508885251748,
      "water_hours": 1267.0155960624297,
      "interpretation": "workload replication only, NOT actual park borehole counts or geographically valid expansion"
    }
  ]
}
