{
  "figures": 6,
  "output": "D:\\Python\\programs\\GitHub\\2026-HiMCM\\output\\question2\\paper_figures",
  "cost_example": {
    "target_id": "ENP1_0000",
    "ground_person_hours": 4.981330998281807,
    "operator_person_hours": 4.271073764977391,
    "flight_hours": 0.20612540185024536,
    "ground_components": [
      3.6921562946102338,
      0.7891747036715738,
      0.3333333333333333,
      0.16666666666666666
    ],
    "operator_components": [
      3.6921562946102338,
      0,
      0.4122508037004907,
      0.16666666666666666
    ]
  }
}
