\BOOKMARK [1][-]{section.1}{\376\377\137\025\212\000}{}% 1
\BOOKMARK [1][-]{section.2}{\376\377\127\372\147\054\120\107\213\276\116\016\164\006\165\061}{}% 2
\BOOKMARK [1][-]{section.3}{\376\377\145\160\143\156\213\364\146\016\116\016\173\046\123\367\133\232\116\111}{}% 3
\BOOKMARK [1][-]{section.4}{\376\377\117\335\142\244\117\030\121\110\116\213\230\171\116\016\123\357\155\113\221\317\150\007\121\306}{}% 4
\BOOKMARK [2][-]{subsection.4.1}{\376\377\117\030\121\110\116\213\230\171\116\016\213\301\143\156}{section.4}% 5
\BOOKMARK [2][-]{subsection.4.2}{\376\377\147\015\122\241\213\304\122\006\210\141\221\317\116\300\116\110}{section.4}% 6
\BOOKMARK [1][-]{section.5}{\376\377\127\060\227\142\226\037\117\015\116\016\145\340\116\272\147\072\166\204\215\104\156\220\221\115\177\156}{}% 7
\BOOKMARK [2][-]{subsection.5.1}{\376\377\211\304\122\022\123\125\121\103\116\016\215\104\156\220\120\107\213\276}{section.5}% 8
\BOOKMARK [2][-]{subsection.5.2}{\376\377\122\250\162\151\215\043\116\373\060\001\165\037\130\203\116\016\217\333\121\145\147\141\116\366}{section.5}% 9
\BOOKMARK [2][-]{subsection.5.3}{\376\377\147\103\221\315\060\001\215\357\176\277\116\016\124\315\136\224\215\104\150\074}{section.5}% 10
\BOOKMARK [2][-]{subsection.5.4}{\376\377\147\015\122\241\133\271\221\317\116\016\221\115\177\156\152\041\127\213}{section.5}% 11
\BOOKMARK [2][-]{subsection.5.5}{\376\377\154\102\211\343\150\070\232\214\116\016\122\006\123\072\221\115\177\156}{section.5}% 12
\BOOKMARK [2][-]{subsection.5.6}{\376\377\145\271\150\110\153\324\217\203\116\016\124\315\136\224\232\173\160\271}{section.5}% 13
\BOOKMARK [1][-]{section.6}{\376\377\133\143\202\202\140\047\147\015\122\241\116\016\116\272\124\130\227\000\154\102}{}% 14
\BOOKMARK [2][-]{subsection.6.1}{\376\377\166\356\150\007\060\001\147\010\116\375\116\016\230\235\131\026\116\373\122\241}{section.6}% 15
\BOOKMARK [2][-]{subsection.6.2}{\376\377\123\352\200\375\165\061\127\060\227\142\133\214\142\020\166\204\224\273\116\225\217\320\176\364}{section.6}% 16
\BOOKMARK [2][-]{subsection.6.3}{\376\377\147\010\136\246\121\161\116\253\176\246\147\137}{section.6}% 17
\BOOKMARK [2][-]{subsection.6.4}{\376\377\153\143\124\021\147\015\122\241\152\041\127\213\116\016\123\315\124\021\116\272\122\233\152\041\127\213}{section.6}% 18
\BOOKMARK [2][-]{subsection.6.5}{\376\377\136\070\211\304\133\143\202\202\176\323\147\234\116\016\123\357\210\114\140\047}{section.6}% 19
\BOOKMARK [2][-]{subsection.6.6}{\376\377\136\162\145\361\135\345\117\134\116\016\147\015\122\241\150\007\121\306\145\117\141\037\140\047}{section.6}% 20
\BOOKMARK [1][-]{section.7}{\376\377\145\117\141\037\140\047\116\016\140\305\146\157\122\006\147\220}{}% 21
\BOOKMARK [2][-]{subsection.7.1}{\376\377\150\300\147\345\123\117\213\256\116\016\177\121\150\074\134\072\136\246\210\145\121\105\150\300\232\214}{section.7}% 22
\BOOKMARK [2][-]{subsection.7.2}{\376\377\147\103\221\315\123\330\123\026\116\016\121\161\124\014\213\304\116\367}{section.7}% 23
\BOOKMARK [1][-]{section.8}{\376\377\152\041\127\213\117\030\122\277\060\001\226\120\122\066\116\016\133\236\226\105\117\177\165\050}{}% 24
\BOOKMARK [2][-]{subsection.8.1}{\376\377\152\041\127\213\200\375\131\037\145\057\143\001\116\300\116\110}{section.8}% 25
\BOOKMARK [2][-]{subsection.8.2}{\376\377\133\236\165\050\166\204\150\041\121\306\153\145\232\244}{section.8}% 26
\BOOKMARK [1][-]{section.9}{\376\377\124\021\121\166\116\326\155\062\121\154\126\355\166\204\217\301\171\373}{}% 27
\BOOKMARK [2][-]{subsection.9.1}{\376\377\121\161\116\253\176\323\147\204\116\016\137\123\127\060\145\160\143\156}{section.9}% 28
\BOOKMARK [2][-]{subsection.9.2}{\376\377\147\141\116\366\213\325\173\227\116\016\230\204\147\037\221\115\177\156\123\330\123\026}{section.9}% 29
\BOOKMARK [2][-]{subsection.9.3}{\376\377\236\304\167\363\147\054\127\060\123\206\123\362\165\037\140\001\215\043\116\373\140\305\146\157}{section.9}% 30
\BOOKMARK [1][-]{table.caption.23}{\376\377\201\364\000I\000M\000M\000C\166\204\117\341\116\366}{}% 31
\BOOKMARK [1][-]{table.caption.23}{\376\377\123\302\200\003\145\207\163\056}{}% 32
\BOOKMARK [1][-]{table.caption.23}{\376\377\000A\000I\117\177\165\050\142\245\124\112}{}% 33
