\BOOKMARK [1][-]{section.2}{\376\377\147\011\226\120\215\104\156\220\116\013\166\204\116\272\147\072\123\117\124\014\117\335\142\244\215\104\156\220\221\115\177\156\152\041\127\213}{}% 1
\BOOKMARK [2][-]{subsection.2.1}{\376\377\221\115\177\156\166\356\150\007\060\001\170\024\172\166\123\125\121\103\116\016\127\372\147\054\120\107\213\276}{section.2}% 2
\BOOKMARK [3][-]{subsubsection.2.1.1}{\376\377\123\072\127\337\060\001\150\300\147\345\123\125\121\103\116\016\211\304\122\022\145\366\147\037}{subsection.2.1}% 3
\BOOKMARK [3][-]{subsubsection.2.1.2}{\376\377\127\060\227\142\116\272\124\130\116\016\145\340\116\272\147\072\166\204\147\015\122\241\200\114\215\043}{subsection.2.1}% 4
\BOOKMARK [3][-]{subsubsection.2.1.3}{\376\377\215\104\156\220\176\337\213\241\123\343\137\204\116\016\211\304\122\022\120\107\213\276}{subsection.2.1}% 5
\BOOKMARK [2][-]{subsection.2.2}{\376\377\123\072\127\337\117\335\142\244\227\000\154\102\116\016\221\115\177\156\147\103\221\315}{section.2}% 6
\BOOKMARK [3][-]{subsubsection.2.2.1}{\376\377\122\250\162\151\117\335\142\244\215\043\116\373\116\016\123\357\161\303\165\037\130\203\215\043\116\373}{subsection.2.2}% 7
\BOOKMARK [3][-]{subsubsection.2.2.2}{\376\377\220\123\215\357\217\333\121\145\117\277\122\051\136\246\116\016\166\321\155\113\227\000\154\102\117\356\153\143}{subsection.2.2}% 8
\BOOKMARK [3][-]{subsubsection.2.2.3}{\376\377\127\372\116\216\121\161\124\014\145\160\143\156\203\003\126\364\166\204\161\265\147\103\213\241\173\227}{subsection.2.2}% 9
\BOOKMARK [3][-]{subsubsection.2.2.4}{\376\377\150\300\147\345\123\125\121\103\147\103\221\315\116\016\123\072\127\337\154\107\140\073}{subsection.2.2}% 10
\BOOKMARK [2][-]{subsection.2.3}{\376\377\127\060\164\006\123\357\217\276\140\047\116\016\123\125\117\115\117\134\116\032\142\020\147\054}{section.2}% 11
\BOOKMARK [3][-]{subsubsection.2.3.1}{\376\377\147\011\124\021\215\357\177\121\060\001\147\000\167\355\215\357\137\204\116\016\124\315\136\224\225\350\151\333}{subsection.2.3}% 12
\BOOKMARK [3][-]{subsubsection.2.3.2}{\376\377\127\060\227\142\150\300\147\345\166\204\215\357\176\277\116\016\116\272\145\366\213\241\173\227}{subsection.2.3}% 13
\BOOKMARK [3][-]{subsubsection.2.3.3}{\376\377\145\340\116\272\147\072\147\072\145\366\116\016\221\115\131\127\116\272\135\345\213\241\173\227}{subsection.2.3}% 14
\BOOKMARK [2][-]{subsection.2.4}{\376\377\116\272\147\072\123\117\124\014\215\104\156\220\221\115\177\156\166\204\176\277\140\047\211\304\122\022\152\041\127\213}{section.2}% 15
\BOOKMARK [3][-]{subsubsection.2.4.1}{\376\377\121\263\173\126\123\330\221\317\116\016\227\000\154\102\122\240\147\103\166\356\150\007\121\375\145\160}{subsection.2.4}% 16
\BOOKMARK [3][-]{subsubsection.2.4.2}{\376\377\123\125\117\115\227\142\171\357\227\000\154\102\116\016\147\015\122\241\133\271\221\317\176\246\147\137}{subsection.2.4}% 17
\BOOKMARK [3][-]{subsubsection.2.4.3}{\376\377\116\272\124\130\230\204\173\227\060\001\147\072\145\366\230\204\173\227\116\016\124\315\136\224\230\204\165\131}{subsection.2.4}% 18
\BOOKMARK [3][-]{subsubsection.2.4.4}{\376\377\123\072\127\337\147\015\122\241\136\225\176\277\116\016\142\200\147\057\220\002\165\050\140\047\176\246\147\137}{subsection.2.4}% 19
\BOOKMARK [2][-]{subsection.2.5}{\376\377\152\041\127\213\154\102\211\343\116\016\123\357\210\114\140\047\122\006\147\220}{section.2}% 20
\BOOKMARK [3][-]{subsubsection.2.5.1}{\376\377\152\041\127\213\154\102\211\343\116\016\176\246\147\137\150\070\232\214}{subsection.2.5}% 21
\BOOKMARK [3][-]{subsubsection.2.5.2}{\376\377\124\014\122\006\145\271\150\110\220\011\142\351\116\016\116\272\135\345\155\210\200\027\150\070\173\227}{subsection.2.5}% 22
\BOOKMARK [3][-]{subsubsection.2.5.3}{\376\377\127\060\164\006\116\012\226\120\060\001\230\204\173\227\116\015\215\263\116\016\146\377\116\343\147\072\122\066}{subsection.2.5}% 23
\BOOKMARK [2][-]{subsection.2.6}{\376\377\221\115\177\156\176\323\147\234\116\016\142\030\165\145\220\350\177\162\211\343\221\312}{section.2}% 24
\BOOKMARK [3][-]{subsubsection.2.6.1}{\376\377\127\372\121\306\230\204\173\227\116\013\166\204\122\006\123\072\215\104\156\220\221\115\177\156}{subsection.2.6}% 25
\BOOKMARK [3][-]{subsubsection.2.6.2}{\376\377\215\104\156\220\175\047\177\072\116\013\166\204\124\014\230\204\173\227\145\271\150\110\153\324\217\203}{subsection.2.6}% 26
\BOOKMARK [3][-]{subsubsection.2.6.3}{\376\377\124\315\136\224\203\003\126\364\164\366\230\210\116\016\122\115\177\156\232\173\160\271\140\305\146\157}{subsection.2.6}% 27
