preparing graph and multi-point geography
solving 599 targets; H=21240.0, U=1200.0
geographic scenario 道路速度20km/h
geographic scenario 道路速度40km/h
geographic scenario 响应期限3小时
grid sensitivity 5.0km
grid sensitivity 15.0km
forward-post candidate ENP11
forward-post candidate ENP3410
forward-post candidate ENP5
{
  "target_count": 599,
  "AHP_CR": 0.007933373029553421,
  "budget": [
    21240.0,
    1200.0
  ],
  "geographic_limit": 57.260161284231835,
  "score": 57.260161284231835,
  "comparisons": {
    "面积均衡": 57.260161284231835,
    "需求比例": 57.260161284231835,
    "优化部署": 57.260161284231835
  },
  "resources": {
    "ground_hours": 0.0,
    "drone_flight_hours": 144.34338322044937,
    "drone_operator_hours": 2406.114336435482,
    "response_reserved_hours": 2880.0,
    "total_person_hours": 5286.114336435482
  },
  "scenarios": {
    "基准": 57.260161284231835,
    "保护人时减少20%": 57.260161284231835,
    "保护人时减少40%": 57.260161284231835,
    "机时减少50%": 57.260161284231835,
    "无人机停用": 57.260161284231835,
    "人时减少40%且无人机停用": 57.260161284231835,
    "出行及作业人时增加25%": 57.260161284231835,
    "无人机筛查效率75%": 57.260161284231835,
    "无人机筛查效率50%": 57.260161284231835,
    "必要地面检查占比10%": 57.260161284231835,
    "必要地面检查占比25%": 57.260161284231835,
    "动物管理权重50%": 53.17816331441467,
    "动物管理权重90%": 64.39618781608806,
    "CRITIC替代赋权": 51.71893210798278,
    "道路速度20km/h": 35.75632619400826,
    "道路速度40km/h": 64.68529737334691,
    "响应期限3小时": 80.63779815624291
  }
}
