==========================================================================
版面体检:output/pdf/skill_checked_20261007/full_paper.pdf
总页数 26;正文末页判定为第 21 页(手动指定)
字数依据:docs/paper/full_paper.tex
==========================================================================

[1] 单页图表占比 与 图挨图
  page 7: 图挨图——两图形带之间仅 0 字正文(阈值 40),y 227→252
  page 7: 图挨图——两图形带之间仅 0 字正文(阈值 40),y 257→276
  page 8: 图挨图——两图形带之间仅 0 字正文(阈值 40),y 236→253
  page 8: 图挨图——两图形带之间仅 0 字正文(阈值 40),y 266→302
  page 11: 图挨图——两图形带之间仅 0 字正文(阈值 40),y 187→208
  page 15: 图挨图——两图形带之间仅 0 字正文(阈值 40),y 226→248
  page 21: 图挨图——两图形带之间仅 0 字正文(阈值 40),y 200→220

[2] 图表说明文字字数(100-150 字)
  OK:24 条说明全部落在区间内

[3] 图表就近(与正文首次引用同页或相邻页)

[4] 乱码/缺字
  OK:未检出替换符或空心方块

[5] 正文页数(硬性 <= 30,建议 21-30)
  正文 21 页
  OK:落在 21-30 页区间

==========================================================================
体检结论:需修复
  - 图挨图: 7 处
==========================================================================
