==========================================================================
版面体检:output/pdf/revision_20261006/full_paper.pdf
总页数 23;正文末页判定为第 21 页(手动指定)
字数依据:docs/paper/full_paper.tex
==========================================================================

[1] 单页图表占比 与 图挨图
  page 7: 图挨图——两图形带之间仅 0 字正文(阈值 40),y 264→290
  page 7: 图挨图——两图形带之间仅 0 字正文(阈值 40),y 295→314
  page 8: 图挨图——两图形带之间仅 0 字正文(阈值 40),y 318→335
  page 8: 图挨图——两图形带之间仅 0 字正文(阈值 40),y 348→384
  page 10: 图挨图——两图形带之间仅 0 字正文(阈值 40),y 523→542
  page 14: 图挨图——两图形带之间仅 0 字正文(阈值 40),y 94→118
  page 14: 图挨图——两图形带之间仅 0 字正文(阈值 40),y 562→584
  page 19: 图挨图——两图形带之间仅 0 字正文(阈值 40),y 412→432

[2] 图表说明文字字数(100-150 字)
  docs/paper/full_paper.tex:132: 5 字(过短) — Main symbols and their mea…
  docs/paper/full_paper.tex:159: 3 字(过短) — Provisional management pri…
  docs/paper/full_paper.tex:201: 6 字(过短) — Etosha operating assumptio…
  docs/paper/full_paper.tex:2690: 16 字(过短) — Etosha demand and base are…
  docs/paper/full_paper.tex:2763: 14 字(过短) — Personnel work per check a…
  docs/paper/full_paper.tex:2812: 9 字(过短) — Regional demand and the mi…
  docs/paper/full_paper.tex:3007: 19 字(过短) — Optimal resource deploymen…
  docs/paper/full_paper.tex:3025: 10 字(过短) — Effective inspection compl…
  docs/paper/full_paper.tex:3044: 8 字(过短) — Additional-post candidates…
  docs/paper/full_paper.tex:3074: 5 字(过短) — Medium service rules by mo…
  docs/paper/full_paper.tex:3114: 4 字(过短) — Historical-sample maintena…
  docs/paper/full_paper.tex:3187: 10 字(过短) — How priorities and task wo…
  docs/paper/full_paper.tex:3323: 12 字(过短) — Medium-rule monthly worklo…
  docs/paper/full_paper.tex:3335: 9 字(过短) — Minimum work and workforce…
  docs/paper/full_paper.tex:3372: 6 字(过短) — Workforce under different …
  docs/paper/full_paper.tex:3484: 15 字(过短) — Peak-month effective inspe…
  docs/paper/full_paper.tex:3502: 8 字(过短) — Assumed screening protocol…
  docs/paper/full_paper.tex:3521: 7 字(过短) — Discretization sensitivity…
  docs/paper/full_paper.tex:3541: 10 字(过短) — Completion rates under eac…
  docs/paper/full_paper.tex:3575: 6 字(过短) — Limits that affect interpr…
  docs/paper/full_paper.tex:4038: 11 字(过短) — Published spatial inputs a…
  docs/paper/full_paper.tex:4044: 7 字(过短) — Spatial trial inputs; Chit…
  docs/paper/full_paper.tex:4074: 13 字(过短) — Conditional land-inspectio…
  docs/paper/full_paper.tex:4107: 9 字(过短) — Yellowstone historical-pri…

[3] 图表就近(与正文首次引用同页或相邻页)

[4] 乱码/缺字
  OK:未检出替换符或空心方块

[5] 正文页数(硬性 <= 30,建议 21-30)
  正文 21 页
  OK:落在 21-30 页区间

==========================================================================
体检结论:需修复
  - 图挨图: 8 处
  - 说明文字字数: 24 处
==========================================================================
